*1337x.to
*aistudio.google.com
*bing.com
*annas-archive.org
*candycrush-live.ext.p.midasplayer.cloud
*canva.com
*chatgpt.com
*claude.ai
*deezer.com
*deviantart.com
*eporner.com
*facebook.com
*facebook.net
*google.dev
*googlevideo.com
*hdrezka.ag
*hqporner.com
*instagram.com
*king.com
*netflix.com
*nnmclub.to
*nyaa.si
*openai.com
*pornolab.net
*porntrex.com
*povr.com
*rustorka.com
*rutor.info
*rutor.is
*rutor.org
*rutracker.cc
*rutracker.net
*rutracker.org
*rutracker.ru
*solidtorrents.to
*spotify.com
*thepiratebay.org
*vrporn.com
*eporner.com
*youtube.com
*x.com
*xhamster.com
*xnxx.com
*xvideos.com
*bard.google.com
*gemini.google.com
app-measurement.com
playgateway-pa.googleapis.com
Ih3.googleusercontent.com
candycrush-live.ext.p.midasplayer.cloud
rakdos-live.ext.p.midasplayer.cloud
sdk.iad-04.braze.com
graph.facebook.com
playgateway-pa.googleapis.com
lh3.googleusercontent.com
candycrush4.king.com
firebaseinstallations.googleapis.com
stritz-live.ext.p.midasplayer.cloud
assistant-s3-pa.googleapis.com
proactivebackend-pa.googleapis.com
geller-pa.googleapis.com
android.googleapis.com
mtalk.google.com
play-fe.googleapis.com
myip2.ru
